
> kerala-gold-tracker@0.1.0 build
> next build

Γû▓ Next.js 16.2.2 (Turbopack)
- Environments: .env.local

  Creating an optimized production build ...
Γ£ô Compiled successfully in 4.5s
  Running TypeScript ...
  Finished TypeScript in 5.0s ...
  Collecting page data using 9 workers ...
  Generating static pages using 9 workers (0/16) ...
node.exe : Error occurred prerendering page 
"/trivandrum". Read more: 
https://nextjs.org/docs/messages/prerender-error
At line:1 char:1
+ & "C:\Program Files\nodejs/node.exe" 
"C:\Program Files\nodejs/node_mo ...
+ ~~~~~~~~~~~~~~~~~~~~~~~~~~~~~~~~~~~~~~~~~~~~~~~~
~~~~~~~~~~~~~~~~~~~~~
    + CategoryInfo          : NotSpecified: (Erro 
   r occurred ...prerender-error:String) [], Rem  
  oteException
    + FullyQualifiedErrorId : NativeCommandError
 
TypeError: Cannot read properties of undefined 
(reading 'charAt')
    at f (D:\Nanda\Gold rate\.next\server\chunks\s
sr\[root-of-the-server]__119b3ua._.js:1:1705)
    at stringify (<anonymous>) {
  digest: '2992585411'
}
Export encountered an error on /[city]/page: 
/trivandrum, exiting the build.
Γ¿» Next.js build worker exited with code: 1 and 
signal: null
